// Jest Snapshot v1, https://goo.gl/fbAQLP

exports[`Pruebas en <PrimeraApp /> debe de mostrar <PrimeraApp /> correctamente 1`] = `
<Fragment>
  <h1>
    hola perro de mierda
    !!!
  </h1>
  <p>
    Soy un subtitulo
  </p>
</Fragment>
`;

exports[`Pruebas en <PrimeraApp /> debe de mostrar <PrimeraApp /> correctamente 2`] = `
<Fragment>
  <h1>
    hola perro de mierda
    !!!
  </h1>
  <p>
    Soy un subtitulo
  </p>
</Fragment>
`;
